["/w/native_backtrace.rb:19:in foo", "/w/native_backtrace.rb:21", "/w/native_backtrace.rb:13:in t", "/w/native_backtrace.rb:21"]
["/w/native_backtrace.rb:22:in Integer", "/w/native_backtrace.rb:22", "/w/native_backtrace.rb:13:in t", "/w/native_backtrace.rb:22"]
["/w/native_backtrace.rb:24:in __fetch", "/w/native_backtrace.rb:24:in bar", "/w/native_backtrace.rb:26", "/w/native_backtrace.rb:13:in t", "/w/native_backtrace.rb:26"]
["/w/native_backtrace.rb:27", "/w/native_backtrace.rb:27", "/w/native_backtrace.rb:13:in t", "/w/native_backtrace.rb:27"]
["/w/native_backtrace.rb:29:in baz", "/w/native_backtrace.rb:29:in baz", "/w/native_backtrace.rb:31", "/w/native_backtrace.rb:13:in t", "/w/native_backtrace.rb:31"]
["/w/native_backtrace.rb:32", "/w/native_backtrace.rb:13:in t", "/w/native_backtrace.rb:32"]
["/w/native_backtrace.rb:33", "/w/native_backtrace.rb:33:in sort!", "/w/native_backtrace.rb:33", "/w/native_backtrace.rb:13:in t", "/w/native_backtrace.rb:33"]
["/w/native_backtrace.rb:34:in center", "/w/native_backtrace.rb:34", "/w/native_backtrace.rb:13:in t", "/w/native_backtrace.rb:34"]
["/w/native_backtrace.rb:35", "/w/native_backtrace.rb:35:in index", "/w/native_backtrace.rb:35", "/w/native_backtrace.rb:13:in t", "/w/native_backtrace.rb:35"]
["/w/native_backtrace.rb:36", "/w/native_backtrace.rb:36:in rindex", "/w/native_backtrace.rb:36", "/w/native_backtrace.rb:13:in t", "/w/native_backtrace.rb:36"]
["/w/native_backtrace.rb:37", "/w/native_backtrace.rb:37:in initialize", "/w/native_backtrace.rb:37", "/w/native_backtrace.rb:13:in t", "/w/native_backtrace.rb:37"]
["/w/native_backtrace.rb:38", "/w/native_backtrace.rb:38", "/w/native_backtrace.rb:13:in t", "/w/native_backtrace.rb:38"]
["/w/native_backtrace.rb:39", "/w/native_backtrace.rb:39:in index", "/w/native_backtrace.rb:39", "/w/native_backtrace.rb:39", "/w/native_backtrace.rb:13:in t", "/w/native_backtrace.rb:39"]
["/w/native_backtrace.rb:40", "/w/native_backtrace.rb:40", "/w/native_backtrace.rb:13:in t", "/w/native_backtrace.rb:40"]
["/w/native_backtrace.rb:41", "/w/native_backtrace.rb:41:in gsub", "/w/native_backtrace.rb:41", "/w/native_backtrace.rb:13:in t", "/w/native_backtrace.rb:41"]
["/w/native_backtrace.rb:42", "/w/native_backtrace.rb:42:in each_object", "/w/native_backtrace.rb:42", "/w/native_backtrace.rb:13:in t", "/w/native_backtrace.rb:42"]
["/w/native_backtrace.rb:43", "/w/native_backtrace.rb:43", "/w/native_backtrace.rb:13:in t", "/w/native_backtrace.rb:43"]
["/w/native_backtrace.rb:45:in Integer", "/w/native_backtrace.rb:45:in deep", "/w/native_backtrace.rb:45:in deep", "/w/native_backtrace.rb:47", "/w/native_backtrace.rb:13:in t", "/w/native_backtrace.rb:47"]
["/w/native_backtrace.rb:49:in sort!", "/w/native_backtrace.rb:49"]
["/w/native_backtrace.rb:52"]
["/w/native_backtrace.rb:53", "/w/native_backtrace.rb:53", "/w/native_backtrace.rb:13:in t", "/w/native_backtrace.rb:53"]
["/w/native_backtrace.rb:54", "/w/native_backtrace.rb:54", "/w/native_backtrace.rb:13:in t", "/w/native_backtrace.rb:54"]
["/w/native_backtrace.rb:55", "/w/native_backtrace.rb:55", "/w/native_backtrace.rb:13:in t", "/w/native_backtrace.rb:55"]
["/w/native_backtrace.rb:56", "/w/native_backtrace.rb:56", "/w/native_backtrace.rb:13:in t", "/w/native_backtrace.rb:56"]
["/w/native_backtrace.rb:57", "/w/native_backtrace.rb:57", "/w/native_backtrace.rb:13:in t", "/w/native_backtrace.rb:57"]
["(eval):1", "/w/native_backtrace.rb:58", "/w/native_backtrace.rb:13:in t", "/w/native_backtrace.rb:58"]
["/w/native_backtrace.rb:59:in call", "/w/native_backtrace.rb:59", "/w/native_backtrace.rb:13:in t", "/w/native_backtrace.rb:59"]
