Array#initialize: private
Array#initialize_copy: private
BasicObject#initialize: private
BasicObject#method_missing: private
BasicObject#singleton_method_added: private
BasicObject#singleton_method_removed: private
BasicObject#singleton_method_undefined: private
Binding#initialize_copy: private
Class#inherited: private
Data#initialize: private
Exception#initialize: private
Fiber#initialize: private
Hash#initialize: private
Hash#initialize_copy: private
Kernel#Complex: private
Kernel#Rational: private
Kernel#__defined_const?: private
Kernel#__defined_const_path?: private
Kernel#__defined_cvar?: private
Kernel#__defined_gvar?: private
Kernel#__defined_ivar?: private
Kernel#__defined_method?: private
Kernel#__defined_super?: private
Kernel#__defined_yield?: private
Kernel#`: private
Kernel#binding: private
Kernel#eval: private
Kernel#format: private
Kernel#global_variables: private
Kernel#local_variables: private
Kernel#proc: private
Kernel#respond_to_missing?: private
Kernel#sprintf: private
Module#const_added: private
Module#extended: private
Module#included: private
Module#method_added: private
Module#method_undefined: private
Module#module_function: private
Module#prepended: private
Module#private: private
Module#protected: private
Module#public: private
Module#remove_const: private
Range#initialize: private
String#initialize: private
String#initialize_copy: private
Module#method_removed: public
Struct#initialize: public
Random#initialize: public
Struct#initialize_copy: private
Kernel.sprintf: true
Kernel.Rational: true
Kernel.global_variables: true
sprintf works: 7
Kernel.sprintf works: 8
